<html>
<body>
<pre>
<h1>µVision Build Log</h1>
<h2>Tool Versions:</h2>
IDE-Version: ¦ÌVision V5.31.0.0
Copyright (C) 2020 ARM Ltd and ARM Germany GmbH. All rights reserved.
License Information: T M, TM, LIC=UJWP0-BRV1H-01RP1-C7RJW-R47UK-NNSBL
 
Tool Versions:
Toolchain:       MDK-ARM Plus  Version: 5.31.0.0
Toolchain Path:  E:\MDK\ARM\ARMCC\Bin
C Compiler:      Armcc.exe V5.06 update 6 (build 750)
Assembler:       Armasm.exe V5.06 update 6 (build 750)
Linker/Locator:  ArmLink.exe V5.06 update 6 (build 750)
Library Manager: ArmAr.exe V5.06 update 6 (build 750)
Hex Converter:   FromElf.exe V5.06 update 6 (build 750)
CPU DLL:         SARMCM3.DLL V5.31.0.0
Dialog DLL:      DCM.DLL V1.17.3.0
Target DLL:      STLink\ST-LINKIII-KEIL_SWO.dll V3.0.7.0
Dialog DLL:      TCM.DLL V1.46.0.0
 
<h2>Project:</h2>
E:\STM32\STM32_ uCOS-III\MDK-ARM\STM32_ uCOS-III.uvprojx
Project File Date:  12/22/2024

<h2>Output:</h2>
*** Using Compiler 'V5.06 update 6 (build 750)', folder: 'E:\MDK\ARM\ARMCC\Bin'
Rebuild target 'STM32_ uCOS-III'
assembling startup_stm32f103xb.s...
compiling stm32f1xx_it.c...
compiling stm32f1xx_hal_tim.c...
compiling gpio.c...
compiling stm32f1xx_hal_msp.c...
compiling stm32f1xx_hal_gpio_ex.c...
compiling usart.c...
compiling stm32f1xx_hal.c...
compiling stm32f1xx_hal_tim_ex.c...
compiling stm32f1xx_hal_rcc.c...
compiling main.c...
.\uC-BSP\bsp.h(8): warning:  #1-D: last line of file ends without a newline
  #endif
../Core/Src/main.c(396): warning:  #1-D: last line of file ends without a newline
   
../Core/Src/main.c: 2 warnings, 0 errors
compiling stm32f1xx_hal_uart.c...
compiling os_app_hooks.c...
compiling cpu_core.c...
assembling cpu_a.asm...
compiling cpu_c.c...
compiling lib_str.c...
compiling lib_mem.c...
compiling lib_math.c...
assembling lib_mem_a.asm...
compiling lib_ascii.c...
compiling os_cfg_app.c...
compiling os_core.c...
compiling os_dbg.c...
compiling stm32f1xx_hal_cortex.c...
compiling system_stm32f1xx.c...
compiling stm32f1xx_hal_flash_ex.c...
compiling stm32f1xx_hal_exti.c...
compiling stm32f1xx_hal_gpio.c...
compiling stm32f1xx_hal_flash.c...
compiling stm32f1xx_hal_pwr.c...
compiling stm32f1xx_hal_rcc_ex.c...
compiling stm32f1xx_hal_dma.c...
compiling os_flag.c...
compiling os_int.c...
compiling os_mem.c...
compiling os_msg.c...
compiling os_pend_multi.c...
compiling os_prio.c...
compiling os_mutex.c...
compiling os_q.c...
compiling os_sem.c...
compiling os_stat.c...
compiling bsp.c...
.\uC-BSP\bsp.h(8): warning:  #1-D: last line of file ends without a newline
  #endif
uC-BSP\bsp.c(92): warning:  #1-D: last line of file ends without a newline
   
uC-BSP\bsp.c: 2 warnings, 0 errors
compiling os_tick.c...
compiling os_time.c...
assembling os_cpu_a.s...
compiling os_task.c...
compiling os_var.c...
compiling os_tmr.c...
compiling os_cpu_c.c...
linking...
Program Size: Code=18048 RO-data=428 RW-data=264 ZI-data=14920  
FromELF: creating hex file...
"STM32_ uCOS-III\STM32_ uCOS-III.axf" - 0 Error(s), 4 Warning(s).

<h2>Software Packages used:</h2>

Package Vendor: ARM
                http://www.keil.com/pack/ARM.CMSIS.5.7.0.pack
                ARM.CMSIS.5.7.0
                CMSIS (Cortex Microcontroller Software Interface Standard)
   * Component: CORE Version: 5.4.0

Package Vendor: Keil
                http://www.keil.com/pack/Keil.STM32F1xx_DFP.2.2.0.pack
                Keil.STM32F1xx_DFP.2.2.0
                STMicroelectronics STM32F1 Series Device Support, Drivers and Examples

<h2>Collection of Component include folders:</h2>
  .\RTE\_STM32__uCOS-III
  E:\MDK\ARM\CMSIS\5.7.0\CMSIS\Core\Include
  E:\MDK\Keil\STM32F1xx_DFP\2.2.0\Device\Include

<h2>Collection of Component Files used:</h2>

   * Component: ARM::CMSIS:CORE:5.4.0
Build Time Elapsed:  00:00:07
</pre>
</body>
</html>
